// Vitest Snapshot v1, https://vitest.dev/guide/snapshot.html

exports[`buildCssVariables — CSS variable key snapshot > emits the expected full set of keys in dark mode 1`] = `
[
  "--zp-border-width-0",
  "--zp-border-width-1",
  "--zp-border-width-2",
  "--zp-border-width-4",
  "--zp-breakpoint-2xl",
  "--zp-breakpoint-lg",
  "--zp-breakpoint-md",
  "--zp-breakpoint-sm",
  "--zp-breakpoint-xl",
  "--zp-color-amber-100",
  "--zp-color-amber-200",
  "--zp-color-amber-300",
  "--zp-color-amber-400",
  "--zp-color-amber-50",
  "--zp-color-amber-500",
  "--zp-color-amber-600",
  "--zp-color-amber-700",
  "--zp-color-amber-800",
  "--zp-color-amber-900",
  "--zp-color-background",
  "--zp-color-blue-100",
  "--zp-color-blue-200",
  "--zp-color-blue-300",
  "--zp-color-blue-400",
  "--zp-color-blue-50",
  "--zp-color-blue-500",
  "--zp-color-blue-600",
  "--zp-color-blue-700",
  "--zp-color-blue-800",
  "--zp-color-blue-900",
  "--zp-color-border",
  "--zp-color-border-focus",
  "--zp-color-border-inverse",
  "--zp-color-border-strong",
  "--zp-color-border-subtle",
  "--zp-color-brand",
  "--zp-color-brand-active",
  "--zp-color-brand-hover",
  "--zp-color-brand-subtle",
  "--zp-color-brand-text",
  "--zp-color-cyan-100",
  "--zp-color-cyan-200",
  "--zp-color-cyan-300",
  "--zp-color-cyan-400",
  "--zp-color-cyan-50",
  "--zp-color-cyan-500",
  "--zp-color-cyan-600",
  "--zp-color-cyan-700",
  "--zp-color-cyan-800",
  "--zp-color-cyan-900",
  "--zp-color-danger",
  "--zp-color-danger-active",
  "--zp-color-danger-bg-solid",
  "--zp-color-danger-bg-subtle",
  "--zp-color-danger-hover",
  "--zp-color-danger-subtle",
  "--zp-color-danger-text",
  "--zp-color-danger-text-on-solid",
  "--zp-color-focus-ring",
  "--zp-color-green-100",
  "--zp-color-green-200",
  "--zp-color-green-300",
  "--zp-color-green-400",
  "--zp-color-green-50",
  "--zp-color-green-500",
  "--zp-color-green-600",
  "--zp-color-green-700",
  "--zp-color-green-800",
  "--zp-color-green-900",
  "--zp-color-info",
  "--zp-color-info-bg-solid",
  "--zp-color-info-bg-subtle",
  "--zp-color-info-subtle",
  "--zp-color-info-text",
  "--zp-color-info-text-on-solid",
  "--zp-color-neutral",
  "--zp-color-neutral-100",
  "--zp-color-neutral-200",
  "--zp-color-neutral-300",
  "--zp-color-neutral-400",
  "--zp-color-neutral-50",
  "--zp-color-neutral-500",
  "--zp-color-neutral-600",
  "--zp-color-neutral-700",
  "--zp-color-neutral-800",
  "--zp-color-neutral-900",
  "--zp-color-neutral-bg-solid",
  "--zp-color-neutral-bg-subtle",
  "--zp-color-neutral-subtle",
  "--zp-color-neutral-text",
  "--zp-color-neutral-text-on-solid",
  "--zp-color-overlay",
  "--zp-color-red-100",
  "--zp-color-red-200",
  "--zp-color-red-300",
  "--zp-color-red-400",
  "--zp-color-red-50",
  "--zp-color-red-500",
  "--zp-color-red-600",
  "--zp-color-red-700",
  "--zp-color-red-800",
  "--zp-color-red-900",
  "--zp-color-success",
  "--zp-color-success-bg-solid",
  "--zp-color-success-bg-subtle",
  "--zp-color-success-subtle",
  "--zp-color-success-text",
  "--zp-color-success-text-on-solid",
  "--zp-color-surface",
  "--zp-color-surface-0",
  "--zp-color-surface-1",
  "--zp-color-surface-2",
  "--zp-color-surface-3",
  "--zp-color-surface-4",
  "--zp-color-surface-overlay",
  "--zp-color-surface-raised",
  "--zp-color-text-disabled",
  "--zp-color-text-inverse",
  "--zp-color-text-primary",
  "--zp-color-text-secondary",
  "--zp-color-warning",
  "--zp-color-warning-bg-solid",
  "--zp-color-warning-bg-subtle",
  "--zp-color-warning-subtle",
  "--zp-color-warning-text",
  "--zp-color-warning-text-on-solid",
  "--zp-density-gap",
  "--zp-density-min-height",
  "--zp-density-padding-lg",
  "--zp-density-padding-md",
  "--zp-density-padding-sm",
  "--zp-density-scale",
  "--zp-duration-fast",
  "--zp-duration-instant",
  "--zp-duration-normal",
  "--zp-duration-shimmer",
  "--zp-duration-slow",
  "--zp-duration-slower",
  "--zp-duration-spin",
  "--zp-easing-accelerate",
  "--zp-easing-bounce",
  "--zp-easing-decelerate",
  "--zp-easing-emphasized",
  "--zp-easing-linear",
  "--zp-easing-standard",
  "--zp-elevation-0",
  "--zp-elevation-1",
  "--zp-elevation-2",
  "--zp-elevation-3",
  "--zp-elevation-4",
  "--zp-elevation-5",
  "--zp-focus-ring-color",
  "--zp-focus-ring-offset",
  "--zp-focus-ring-style",
  "--zp-focus-ring-width",
  "--zp-font-family-mono",
  "--zp-font-family-sans",
  "--zp-font-family-serif",
  "--zp-font-size-2xl",
  "--zp-font-size-3xl",
  "--zp-font-size-4xl",
  "--zp-font-size-5xl",
  "--zp-font-size-lg",
  "--zp-font-size-md",
  "--zp-font-size-sm",
  "--zp-font-size-xl",
  "--zp-font-size-xs",
  "--zp-font-weight-bold",
  "--zp-font-weight-medium",
  "--zp-font-weight-regular",
  "--zp-font-weight-semibold",
  "--zp-letter-spacing-normal",
  "--zp-letter-spacing-tight",
  "--zp-letter-spacing-wide",
  "--zp-letter-spacing-wider",
  "--zp-line-height-none",
  "--zp-line-height-normal",
  "--zp-line-height-relaxed",
  "--zp-line-height-snug",
  "--zp-line-height-tight",
  "--zp-overlay",
  "--zp-radius-2xl",
  "--zp-radius-card",
  "--zp-radius-full",
  "--zp-radius-lg",
  "--zp-radius-md",
  "--zp-radius-none",
  "--zp-radius-pill",
  "--zp-radius-sm",
  "--zp-radius-xl",
  "--zp-shadow-2xl",
  "--zp-shadow-lg",
  "--zp-shadow-md",
  "--zp-shadow-none",
  "--zp-shadow-sm",
  "--zp-shadow-xl",
  "--zp-shadow-xs",
  "--zp-space-0",
  "--zp-space-0-5",
  "--zp-space-1",
  "--zp-space-1-5",
  "--zp-space-10",
  "--zp-space-12",
  "--zp-space-16",
  "--zp-space-2",
  "--zp-space-2-5",
  "--zp-space-20",
  "--zp-space-24",
  "--zp-space-3",
  "--zp-space-4",
  "--zp-space-5",
  "--zp-space-6",
  "--zp-space-8",
  "--zp-z-banner",
  "--zp-z-base",
  "--zp-z-dialog",
  "--zp-z-docked",
  "--zp-z-drawer",
  "--zp-z-dropdown",
  "--zp-z-hide",
  "--zp-z-modal",
  "--zp-z-overlay",
  "--zp-z-popover",
  "--zp-z-raised",
  "--zp-z-skip-nav",
  "--zp-z-sticky",
  "--zp-z-toast",
  "--zp-z-tooltip",
]
`;

exports[`buildCssVariables — CSS variable key snapshot > emits the expected full set of keys in highContrast mode 1`] = `
[
  "--zp-border-width-0",
  "--zp-border-width-1",
  "--zp-border-width-2",
  "--zp-border-width-4",
  "--zp-breakpoint-2xl",
  "--zp-breakpoint-lg",
  "--zp-breakpoint-md",
  "--zp-breakpoint-sm",
  "--zp-breakpoint-xl",
  "--zp-color-amber-100",
  "--zp-color-amber-200",
  "--zp-color-amber-300",
  "--zp-color-amber-400",
  "--zp-color-amber-50",
  "--zp-color-amber-500",
  "--zp-color-amber-600",
  "--zp-color-amber-700",
  "--zp-color-amber-800",
  "--zp-color-amber-900",
  "--zp-color-background",
  "--zp-color-blue-100",
  "--zp-color-blue-200",
  "--zp-color-blue-300",
  "--zp-color-blue-400",
  "--zp-color-blue-50",
  "--zp-color-blue-500",
  "--zp-color-blue-600",
  "--zp-color-blue-700",
  "--zp-color-blue-800",
  "--zp-color-blue-900",
  "--zp-color-border",
  "--zp-color-border-focus",
  "--zp-color-border-inverse",
  "--zp-color-border-strong",
  "--zp-color-border-subtle",
  "--zp-color-brand",
  "--zp-color-brand-active",
  "--zp-color-brand-hover",
  "--zp-color-brand-subtle",
  "--zp-color-brand-text",
  "--zp-color-cyan-100",
  "--zp-color-cyan-200",
  "--zp-color-cyan-300",
  "--zp-color-cyan-400",
  "--zp-color-cyan-50",
  "--zp-color-cyan-500",
  "--zp-color-cyan-600",
  "--zp-color-cyan-700",
  "--zp-color-cyan-800",
  "--zp-color-cyan-900",
  "--zp-color-danger",
  "--zp-color-danger-active",
  "--zp-color-danger-bg-solid",
  "--zp-color-danger-bg-subtle",
  "--zp-color-danger-hover",
  "--zp-color-danger-subtle",
  "--zp-color-danger-text",
  "--zp-color-danger-text-on-solid",
  "--zp-color-focus-ring",
  "--zp-color-green-100",
  "--zp-color-green-200",
  "--zp-color-green-300",
  "--zp-color-green-400",
  "--zp-color-green-50",
  "--zp-color-green-500",
  "--zp-color-green-600",
  "--zp-color-green-700",
  "--zp-color-green-800",
  "--zp-color-green-900",
  "--zp-color-info",
  "--zp-color-info-bg-solid",
  "--zp-color-info-bg-subtle",
  "--zp-color-info-subtle",
  "--zp-color-info-text",
  "--zp-color-info-text-on-solid",
  "--zp-color-neutral",
  "--zp-color-neutral-100",
  "--zp-color-neutral-200",
  "--zp-color-neutral-300",
  "--zp-color-neutral-400",
  "--zp-color-neutral-50",
  "--zp-color-neutral-500",
  "--zp-color-neutral-600",
  "--zp-color-neutral-700",
  "--zp-color-neutral-800",
  "--zp-color-neutral-900",
  "--zp-color-neutral-bg-solid",
  "--zp-color-neutral-bg-subtle",
  "--zp-color-neutral-subtle",
  "--zp-color-neutral-text",
  "--zp-color-neutral-text-on-solid",
  "--zp-color-overlay",
  "--zp-color-red-100",
  "--zp-color-red-200",
  "--zp-color-red-300",
  "--zp-color-red-400",
  "--zp-color-red-50",
  "--zp-color-red-500",
  "--zp-color-red-600",
  "--zp-color-red-700",
  "--zp-color-red-800",
  "--zp-color-red-900",
  "--zp-color-success",
  "--zp-color-success-bg-solid",
  "--zp-color-success-bg-subtle",
  "--zp-color-success-subtle",
  "--zp-color-success-text",
  "--zp-color-success-text-on-solid",
  "--zp-color-surface",
  "--zp-color-surface-0",
  "--zp-color-surface-1",
  "--zp-color-surface-2",
  "--zp-color-surface-3",
  "--zp-color-surface-4",
  "--zp-color-surface-overlay",
  "--zp-color-surface-raised",
  "--zp-color-text-disabled",
  "--zp-color-text-inverse",
  "--zp-color-text-primary",
  "--zp-color-text-secondary",
  "--zp-color-warning",
  "--zp-color-warning-bg-solid",
  "--zp-color-warning-bg-subtle",
  "--zp-color-warning-subtle",
  "--zp-color-warning-text",
  "--zp-color-warning-text-on-solid",
  "--zp-density-gap",
  "--zp-density-min-height",
  "--zp-density-padding-lg",
  "--zp-density-padding-md",
  "--zp-density-padding-sm",
  "--zp-density-scale",
  "--zp-duration-fast",
  "--zp-duration-instant",
  "--zp-duration-normal",
  "--zp-duration-shimmer",
  "--zp-duration-slow",
  "--zp-duration-slower",
  "--zp-duration-spin",
  "--zp-easing-accelerate",
  "--zp-easing-bounce",
  "--zp-easing-decelerate",
  "--zp-easing-emphasized",
  "--zp-easing-linear",
  "--zp-easing-standard",
  "--zp-elevation-0",
  "--zp-elevation-1",
  "--zp-elevation-2",
  "--zp-elevation-3",
  "--zp-elevation-4",
  "--zp-elevation-5",
  "--zp-focus-ring-color",
  "--zp-focus-ring-offset",
  "--zp-focus-ring-style",
  "--zp-focus-ring-width",
  "--zp-font-family-mono",
  "--zp-font-family-sans",
  "--zp-font-family-serif",
  "--zp-font-size-2xl",
  "--zp-font-size-3xl",
  "--zp-font-size-4xl",
  "--zp-font-size-5xl",
  "--zp-font-size-lg",
  "--zp-font-size-md",
  "--zp-font-size-sm",
  "--zp-font-size-xl",
  "--zp-font-size-xs",
  "--zp-font-weight-bold",
  "--zp-font-weight-medium",
  "--zp-font-weight-regular",
  "--zp-font-weight-semibold",
  "--zp-letter-spacing-normal",
  "--zp-letter-spacing-tight",
  "--zp-letter-spacing-wide",
  "--zp-letter-spacing-wider",
  "--zp-line-height-none",
  "--zp-line-height-normal",
  "--zp-line-height-relaxed",
  "--zp-line-height-snug",
  "--zp-line-height-tight",
  "--zp-overlay",
  "--zp-radius-2xl",
  "--zp-radius-card",
  "--zp-radius-full",
  "--zp-radius-lg",
  "--zp-radius-md",
  "--zp-radius-none",
  "--zp-radius-pill",
  "--zp-radius-sm",
  "--zp-radius-xl",
  "--zp-shadow-2xl",
  "--zp-shadow-lg",
  "--zp-shadow-md",
  "--zp-shadow-none",
  "--zp-shadow-sm",
  "--zp-shadow-xl",
  "--zp-shadow-xs",
  "--zp-space-0",
  "--zp-space-0-5",
  "--zp-space-1",
  "--zp-space-1-5",
  "--zp-space-10",
  "--zp-space-12",
  "--zp-space-16",
  "--zp-space-2",
  "--zp-space-2-5",
  "--zp-space-20",
  "--zp-space-24",
  "--zp-space-3",
  "--zp-space-4",
  "--zp-space-5",
  "--zp-space-6",
  "--zp-space-8",
  "--zp-z-banner",
  "--zp-z-base",
  "--zp-z-dialog",
  "--zp-z-docked",
  "--zp-z-drawer",
  "--zp-z-dropdown",
  "--zp-z-hide",
  "--zp-z-modal",
  "--zp-z-overlay",
  "--zp-z-popover",
  "--zp-z-raised",
  "--zp-z-skip-nav",
  "--zp-z-sticky",
  "--zp-z-toast",
  "--zp-z-tooltip",
]
`;

exports[`buildCssVariables — CSS variable key snapshot > emits the expected full set of keys in light mode 1`] = `
[
  "--zp-border-width-0",
  "--zp-border-width-1",
  "--zp-border-width-2",
  "--zp-border-width-4",
  "--zp-breakpoint-2xl",
  "--zp-breakpoint-lg",
  "--zp-breakpoint-md",
  "--zp-breakpoint-sm",
  "--zp-breakpoint-xl",
  "--zp-color-amber-100",
  "--zp-color-amber-200",
  "--zp-color-amber-300",
  "--zp-color-amber-400",
  "--zp-color-amber-50",
  "--zp-color-amber-500",
  "--zp-color-amber-600",
  "--zp-color-amber-700",
  "--zp-color-amber-800",
  "--zp-color-amber-900",
  "--zp-color-background",
  "--zp-color-blue-100",
  "--zp-color-blue-200",
  "--zp-color-blue-300",
  "--zp-color-blue-400",
  "--zp-color-blue-50",
  "--zp-color-blue-500",
  "--zp-color-blue-600",
  "--zp-color-blue-700",
  "--zp-color-blue-800",
  "--zp-color-blue-900",
  "--zp-color-border",
  "--zp-color-border-focus",
  "--zp-color-border-inverse",
  "--zp-color-border-strong",
  "--zp-color-border-subtle",
  "--zp-color-brand",
  "--zp-color-brand-active",
  "--zp-color-brand-hover",
  "--zp-color-brand-subtle",
  "--zp-color-brand-text",
  "--zp-color-cyan-100",
  "--zp-color-cyan-200",
  "--zp-color-cyan-300",
  "--zp-color-cyan-400",
  "--zp-color-cyan-50",
  "--zp-color-cyan-500",
  "--zp-color-cyan-600",
  "--zp-color-cyan-700",
  "--zp-color-cyan-800",
  "--zp-color-cyan-900",
  "--zp-color-danger",
  "--zp-color-danger-active",
  "--zp-color-danger-bg-solid",
  "--zp-color-danger-bg-subtle",
  "--zp-color-danger-hover",
  "--zp-color-danger-subtle",
  "--zp-color-danger-text",
  "--zp-color-danger-text-on-solid",
  "--zp-color-focus-ring",
  "--zp-color-green-100",
  "--zp-color-green-200",
  "--zp-color-green-300",
  "--zp-color-green-400",
  "--zp-color-green-50",
  "--zp-color-green-500",
  "--zp-color-green-600",
  "--zp-color-green-700",
  "--zp-color-green-800",
  "--zp-color-green-900",
  "--zp-color-info",
  "--zp-color-info-bg-solid",
  "--zp-color-info-bg-subtle",
  "--zp-color-info-subtle",
  "--zp-color-info-text",
  "--zp-color-info-text-on-solid",
  "--zp-color-neutral",
  "--zp-color-neutral-100",
  "--zp-color-neutral-200",
  "--zp-color-neutral-300",
  "--zp-color-neutral-400",
  "--zp-color-neutral-50",
  "--zp-color-neutral-500",
  "--zp-color-neutral-600",
  "--zp-color-neutral-700",
  "--zp-color-neutral-800",
  "--zp-color-neutral-900",
  "--zp-color-neutral-bg-solid",
  "--zp-color-neutral-bg-subtle",
  "--zp-color-neutral-subtle",
  "--zp-color-neutral-text",
  "--zp-color-neutral-text-on-solid",
  "--zp-color-overlay",
  "--zp-color-red-100",
  "--zp-color-red-200",
  "--zp-color-red-300",
  "--zp-color-red-400",
  "--zp-color-red-50",
  "--zp-color-red-500",
  "--zp-color-red-600",
  "--zp-color-red-700",
  "--zp-color-red-800",
  "--zp-color-red-900",
  "--zp-color-success",
  "--zp-color-success-bg-solid",
  "--zp-color-success-bg-subtle",
  "--zp-color-success-subtle",
  "--zp-color-success-text",
  "--zp-color-success-text-on-solid",
  "--zp-color-surface",
  "--zp-color-surface-0",
  "--zp-color-surface-1",
  "--zp-color-surface-2",
  "--zp-color-surface-3",
  "--zp-color-surface-4",
  "--zp-color-surface-overlay",
  "--zp-color-surface-raised",
  "--zp-color-text-disabled",
  "--zp-color-text-inverse",
  "--zp-color-text-primary",
  "--zp-color-text-secondary",
  "--zp-color-warning",
  "--zp-color-warning-bg-solid",
  "--zp-color-warning-bg-subtle",
  "--zp-color-warning-subtle",
  "--zp-color-warning-text",
  "--zp-color-warning-text-on-solid",
  "--zp-density-gap",
  "--zp-density-min-height",
  "--zp-density-padding-lg",
  "--zp-density-padding-md",
  "--zp-density-padding-sm",
  "--zp-density-scale",
  "--zp-duration-fast",
  "--zp-duration-instant",
  "--zp-duration-normal",
  "--zp-duration-shimmer",
  "--zp-duration-slow",
  "--zp-duration-slower",
  "--zp-duration-spin",
  "--zp-easing-accelerate",
  "--zp-easing-bounce",
  "--zp-easing-decelerate",
  "--zp-easing-emphasized",
  "--zp-easing-linear",
  "--zp-easing-standard",
  "--zp-elevation-0",
  "--zp-elevation-1",
  "--zp-elevation-2",
  "--zp-elevation-3",
  "--zp-elevation-4",
  "--zp-elevation-5",
  "--zp-focus-ring-color",
  "--zp-focus-ring-offset",
  "--zp-focus-ring-style",
  "--zp-focus-ring-width",
  "--zp-font-family-mono",
  "--zp-font-family-sans",
  "--zp-font-family-serif",
  "--zp-font-size-2xl",
  "--zp-font-size-3xl",
  "--zp-font-size-4xl",
  "--zp-font-size-5xl",
  "--zp-font-size-lg",
  "--zp-font-size-md",
  "--zp-font-size-sm",
  "--zp-font-size-xl",
  "--zp-font-size-xs",
  "--zp-font-weight-bold",
  "--zp-font-weight-medium",
  "--zp-font-weight-regular",
  "--zp-font-weight-semibold",
  "--zp-letter-spacing-normal",
  "--zp-letter-spacing-tight",
  "--zp-letter-spacing-wide",
  "--zp-letter-spacing-wider",
  "--zp-line-height-none",
  "--zp-line-height-normal",
  "--zp-line-height-relaxed",
  "--zp-line-height-snug",
  "--zp-line-height-tight",
  "--zp-overlay",
  "--zp-radius-2xl",
  "--zp-radius-card",
  "--zp-radius-full",
  "--zp-radius-lg",
  "--zp-radius-md",
  "--zp-radius-none",
  "--zp-radius-pill",
  "--zp-radius-sm",
  "--zp-radius-xl",
  "--zp-shadow-2xl",
  "--zp-shadow-lg",
  "--zp-shadow-md",
  "--zp-shadow-none",
  "--zp-shadow-sm",
  "--zp-shadow-xl",
  "--zp-shadow-xs",
  "--zp-space-0",
  "--zp-space-0-5",
  "--zp-space-1",
  "--zp-space-1-5",
  "--zp-space-10",
  "--zp-space-12",
  "--zp-space-16",
  "--zp-space-2",
  "--zp-space-2-5",
  "--zp-space-20",
  "--zp-space-24",
  "--zp-space-3",
  "--zp-space-4",
  "--zp-space-5",
  "--zp-space-6",
  "--zp-space-8",
  "--zp-z-banner",
  "--zp-z-base",
  "--zp-z-dialog",
  "--zp-z-docked",
  "--zp-z-drawer",
  "--zp-z-dropdown",
  "--zp-z-hide",
  "--zp-z-modal",
  "--zp-z-overlay",
  "--zp-z-popover",
  "--zp-z-raised",
  "--zp-z-skip-nav",
  "--zp-z-sticky",
  "--zp-z-toast",
  "--zp-z-tooltip",
]
`;
